
> sel-control-horario@0.1.0 build
> next build

node.exe : [baseline-browser-mapping] The data in this module is over two months old.  To ensure accurate Baseline data, please update: `npm i baseline-browser-mapping@latest -D`
En línea: 1 Carácter: 1
+ & "C:\Program Files\nodejs/node.exe" "C:\Program Files\nodejs/node_mo ...
+ ~~~~~~~~~~~~~~~~~~~~~~~~~~~~~~~~~~~~~~~~~~~~~~~~~~~~~~~~~~~~~~~~~~~~~
    + CategoryInfo          : NotSpecified: ([baseline-brows...ping@latest -D`:String) [], RemoteException
    + FullyQualifiedErrorId : NativeCommandError
 
   Ôû▓ Next.js 16.0.7 (Turbopack)
   - Environments: .env

 ÔÜá The "middleware" file convention is deprecated. Please use "proxy" instead. Learn more: https://nextjs.org/docs/messages/middleware-to-proxy
   Creating an optimized production build ...
[baseline-browser-mapping] The data in this module is over two months old.  To ensure accurate Baseline data, please update: `npm i baseline-browser-mapping@latest -D`
 Ô£ô Compiled successfully in 7.4s
   Running TypeScript ...
   Collecting page data using 19 workers ...
[baseline-browser-mapping] The data in this module is over two months old.  To ensure accurate Baseline data, please update: `npm i baseline-browser-mapping@latest -D`
[baseline-browser-mapping] The data in this module is over two months old.  To ensure accurate Baseline data, please update: `npm i baseline-browser-mapping@latest -D`
[baseline-browser-mapping] The data in this module is over two months old.  To ensure accurate Baseline data, please update: `npm i baseline-browser-mapping@latest -D`
[baseline-browser-mapping] The data in this module is over two months old.  To ensure accurate Baseline data, please update: `npm i baseline-browser-mapping@latest -D`
[baseline-browser-mapping] The data in this module is over two months old.  To ensure accurate Baseline data, please update: `npm i baseline-browser-mapping@latest -D`
[baseline-browser-mapping] The data in this module is over two months old.  To ensure accurate Baseline data, please update: `npm i baseline-browser-mapping@latest -D`
[baseline-browser-mapping] The data in this module is over two months old.  To ensure accurate Baseline data, please update: `npm i baseline-browser-mapping@latest -D`
[baseline-browser-mapping] The data in this module is over two months old.  To ensure accurate Baseline data, please update: `npm i baseline-browser-mapping@latest -D`
[baseline-browser-mapping] The data in this module is over two months old.  To ensure accurate Baseline data, please update: `npm i baseline-browser-mapping@latest -D`
[baseline-browser-mapping] The data in this module is over two months old.  To ensure accurate Baseline data, please update: `npm i baseline-browser-mapping@latest -D`
[baseline-browser-mapping] The data in this module is over two months old.  To ensure accurate Baseline data, please update: `npm i baseline-browser-mapping@latest -D`
[baseline-browser-mapping] The data in this module is over two months old.  To ensure accurate Baseline data, please update: `npm i baseline-browser-mapping@latest -D`
[baseline-browser-mapping] The data in this module is over two months old.  To ensure accurate Baseline data, please update: `npm i baseline-browser-mapping@latest -D`
[baseline-browser-mapping] The data in this module is over two months old.  To ensure accurate Baseline data, please update: `npm i baseline-browser-mapping@latest -D`
[baseline-browser-mapping] The data in this module is over two months old.  To ensure accurate Baseline data, please update: `npm i baseline-browser-mapping@latest -D`
[baseline-browser-mapping] The data in this module is over two months old.  To ensure accurate Baseline data, please update: `npm i baseline-browser-mapping@latest -D`
[baseline-browser-mapping] The data in this module is over two months old.  To ensure accurate Baseline data, please update: `npm i baseline-browser-mapping@latest -D`
[baseline-browser-mapping] The data in this module is over two months old.  To ensure accurate Baseline data, please update: `npm i baseline-browser-mapping@latest -D`
[baseline-browser-mapping] The data in this module is over two months old.  To ensure accurate Baseline data, please update: `npm i baseline-browser-mapping@latest -D`
   Generating static pages using 19 workers (0/67) ...
[baseline-browser-mapping] The data in this module is over two months old.  To ensure accurate Baseline data, please update: `npm i baseline-browser-mapping@latest -D`
[baseline-browser-mapping] The data in this module is over two months old.  To ensure accurate Baseline data, please update: `npm i baseline-browser-mapping@latest -D`
[baseline-browser-mapping] The data in this module is over two months old.  To ensure accurate Baseline data, please update: `npm i baseline-browser-mapping@latest -D`
   Generating static pages using 19 workers (16/67) 
   Generating static pages using 19 workers (33/67) 
   Generating static pages using 19 workers (50/67) 
 Ô£ô Generating static pages using 19 workers (67/67) in 5.1s
   Finalizing page optimization ...

Route (app)
Ôöî Ôùï /
Ôö£ Ôùï /_not-found
Ôö£ Ôùï /admin/ausencias
Ôö£ Ôùï /admin/camiones
Ôö£ Ôùï /admin/dashboard
Ôö£ Ôùï /admin/empleados
Ôö£ Ôùï /admin/fiestas
Ôö£ Ôùï /admin/fiestas/reporte
Ôö£ Ôùï /admin/formacion
Ôö£ ãÆ /admin/formacion/editar/[id]
Ôö£ Ôùï /admin/formacion/nuevo
Ôö£ Ôùï /admin/formacion/resultados
Ôö£ Ôùï /admin/jornadas
Ôö£ Ôùï /admin/nominas
Ôö£ ãÆ /admin/nominas/[year]/[month]
Ôö£ Ôùï /admin/nominas/comercial
Ôö£ Ôùï /admin/nominas/config
Ôö£ Ôùï /admin/tareas
Ôö£ Ôùï /admin/tareas/nueva
Ôö£ ãÆ /api/admin/compensaciones
Ôö£ ãÆ /api/admin/dashboard
Ôö£ ãÆ /api/admin/deduplicate
Ôö£ ãÆ /api/admin/fiestas
Ôö£ ãÆ /api/admin/fiestas/[id]
Ôö£ ãÆ /api/admin/nominas
Ôö£ ãÆ /api/admin/process-invoices
Ôö£ ãÆ /api/admin/reset-fallbacks
Ôö£ ãÆ /api/ai/predictive
Ôö£ ãÆ /api/ausencias
Ôö£ ãÆ /api/ausencias/[id]
Ôö£ ãÆ /api/ausencias/approved
Ôö£ ãÆ /api/ausencias/stats
Ôö£ ãÆ /api/auth/login
Ôö£ ãÆ /api/auth/logout
Ôö£ ãÆ /api/auth/session
Ôö£ ãÆ /api/camiones
Ôö£ ãÆ /api/camiones/metadata
Ôö£ ãÆ /api/descargas
Ôö£ ãÆ /api/empleados
Ôö£ ãÆ /api/formacion/evaluacion
Ôö£ ãÆ /api/formacion/modulos
Ôö£ ãÆ /api/formacion/modulos/[id]
Ôö£ ãÆ /api/formacion/resultados
Ôö£ ãÆ /api/jornadas
Ôö£ ãÆ /api/jornadas/historico
Ôö£ ãÆ /api/jornadas/mensual
Ôö£ ãÆ /api/mantenimientos
Ôö£ ãÆ /api/nominas
Ôö£ ãÆ /api/nominas/[id]
Ôö£ ãÆ /api/nominas/comercial
Ôö£ ãÆ /api/nominas/config
Ôö£ ãÆ /api/nominas/generar
Ôö£ ãÆ /api/nominas/lineas/[id]
Ôö£ ãÆ /api/repostaje
Ôö£ ãÆ /api/tareas
Ôö£ ãÆ /api/tareas/[id]
Ôö£ ãÆ /api/tareas/[id]/adjuntos
Ôö£ ãÆ /api/tareas/[id]/historial
Ôö£ ãÆ /api/turnos
Ôö£ ãÆ /api/turnos/ultimo-km
Ôö£ ãÆ /api/viajes
Ôö£ Ôùï /empleado
Ôö£ ãÆ /empleado/formacion/[id]
Ôö£ ãÆ /empleado/formacion/[id]/evaluacion
Ôö£ ãÆ /empleado/nomina/[year]/[month]
Ôö£ Ôùï /login
Ôö£ Ôùï /mecanico/camiones
Ôö£ Ôùï /mecanico/dashboard
Ôö£ Ôùï /mecanico/jornada
Ôö£ Ôùï /mecanico/tareas
Ôö£ Ôùï /mecanico/vacaciones
Ôö£ Ôùï /oficina/camiones
Ôö£ Ôùï /oficina/dashboard
Ôö£ Ôùï /oficina/jornadas
Ôö£ Ôùï /oficina/mi-jornada
Ôö£ Ôùï /oficina/tareas
Ôö£ Ôùï /tareas
Ôö£ ãÆ /tareas/[id]
Ôöö Ôùï /tareas/nueva


ãÆ Proxy (Middleware)

Ôùï  (Static)   prerendered as static content
ãÆ  (Dynamic)  server-rendered on demand

